
{
  "type": "ice-app",
  "builder": "@alilc/builder-ice-app"
}
    